.\venv\Scripts\python.exe : Traceback (most recent call last):
At line:1 char:23
+ ... s - Copy" ; .\venv\Scripts\python.exe test_dashboard_http.py > test_o ...
+                 ~~~~~~~~~~~~~~~~~~~~~~~~~~~~~~~~~~~~~~~~~~~~~~~~~~~~~~~~~
    + CategoryInfo          : NotSpecified: (Traceback (most recent call last) 
   ::String) [], RemoteException
    + FullyQualifiedErrorId : NativeCommandError
 
  File "D:\Caps - Copy\test_dashboard_http.py", line 38, in <module>
    print(f"\u2717 Login failed: {login_response.status_code}")
    ~~~~~^^^^^^^^^^^^^^^^^^^^^^^^^^^^^^^^^^^^^^^^^^^^^^^^^
  File "C:\Users\Iman\AppData\Local\Programs\Python\Python313\Lib\encodings\cp1
252.py", line 19, in encode
    return codecs.charmap_encode(input,self.errors,encoding_table)[0]
           ~~~~~~~~~~~~~~~~~~~~~^^^^^^^^^^^^^^^^^^^^^^^^^^^^^^^^^^
UnicodeEncodeError: 'charmap' codec can't encode character '\u2717' in 
position 0: character maps to <undefined>
